// Jest Snapshot v1, https://goo.gl/fbAQLP

exports[`CityEdit renders correctly with no props 1`] = `
<div>
  <strong
    className="notice notice-error"
    style={
      Object {
        "display": "block",
      }
    }
  >
    You haven't entered your GetYourGuide partner ID.
     
    <a
      href="http://localhost/wp-admin/options-general.php?page=getyourguide"
    >
      Enter it here.
    </a>
  </strong>
  <button
    className="components-button"
    onClick={[Function]}
    style={
      Object {
        "float": "right",
      }
    }
    type="button"
  >
    Hide options
  </button>
  <div
    className="components-placeholder"
    style={
      Object {
        "alignItems": "initial",
        "display": "flex",
        "marginBottom": "10px",
        "textAlign": "left",
      }
    }
  />
  <div>
    <iframe
      src="https://widget.getyourguide.com/default/city.frame?widget=city&iata=SYD&locale_code=en-US"
      style={
        Object {
          "height": "100%",
          "marginBottom": "1.5em",
        }
      }
      title="GetYourGuide city widget"
    />
  </div>
</div>
`;
